#
# There is insufficient memory for the Java Runtime Environment to continue.
# Native memory allocation (malloc) failed to allocate 1496192 bytes for Chunk::new
# Possible reasons:
#   The system is out of physical RAM or swap space
#   The process is running with CompressedOops enabled, and the Java Heap may be blocking the growth of the native heap
# Possible solutions:
#   Reduce memory load on the system
#   Increase physical memory or swap space
#   Check if swap backing store is full
#   Decrease Java heap size (-Xmx/-Xms)
#   Decrease number of Java threads
#   Decrease Java thread stack sizes (-Xss)
#   Set larger code cache with -XX:ReservedCodeCacheSize=
#   JVM is running with Zero Based Compressed Oops mode in which the Java heap is
#     placed in the first 32GB address space. The Java Heap base address is the
#     maximum limit for the native heap growth. Please use -XX:HeapBaseMinAddress
#     to set the Java Heap base and to place the Java Heap above 32GB virtual address.
# This output file may be truncated or incomplete.
#
#  Out of Memory Error (arena.cpp:168), pid=23040, tid=22340
#
# JRE version: Java(TM) SE Runtime Environment (21.0.1+12) (build 21.0.1+12-LTS-29)
# Java VM: Java HotSpot(TM) 64-Bit Server VM (21.0.1+12-LTS-29, mixed mode, sharing, tiered, compressed oops, compressed class ptrs, g1 gc, windows-amd64)
# No core dump will be written. Minidumps are not enabled by default on client versions of Windows
#

---------------  S U M M A R Y ------------

Command Line: -Dclassworlds.conf=C:\Program Files\NetBeans-25\netbeans\java\maven\bin\m2.conf -Dmaven.home=C:\Program Files\NetBeans-25\netbeans\java\maven -Dlibrary.jansi.path=C:\Program Files\NetBeans-25\netbeans\java\maven\lib\jansi-native -Dmaven.multiModuleProjectDirectory=C:\Users\choue\Documents\NetBeansProjects\ProjetILU4-main\ProjetILU4-main\ProjetPirates\ProjetPirates org.codehaus.plexus.classworlds.launcher.Launcher -Dexec.vmArgs= -Dexec.args=${exec.vmArgs} -classpath %classpath ${exec.mainClass} ${exec.appArgs} -Dexec.appArgs= -Dexec.mainClass=projetpirates.ProjetPirates -Dexec.executable=C:\Program Files\Java\jdk-21\bin\java.exe -Dmaven.ext.class.path=C:\Program Files\NetBeans-25\netbeans\java\maven-nblib\netbeans-eventspy.jar --no-transfer-progress process-classes org.codehaus.mojo:exec-maven-plugin:3.1.0:exec

Host: AMD Ryzen 7 7735HS with Radeon Graphics        , 16 cores, 15G,  Windows 11 , 64 bit Build 26100 (10.0.26100.3775)
Time: Sun May  4 13:17:15 2025 Paris, Madrid (heure duild 26100 (10.0.26100.3775) elapsed time: 12.369603 seconds (0d 0h 0m 12s)

---------------  T H R E A D  ---------------

Current thread (0x0000015e6b4c6150):  JavaThread "C2 CompilerThread1" daemon [_thread_in_native, id=22340, stack(0x000000051c100000,0x000000051c200000) (1024K)]


Current CompileTask:
C2:  12369 7799       4       com.sun.tools.javac.comp.Resolve::rawInstantiate (508 bytes)

Stack: [0x000000051c100000,0x000000051c200000]
Native frames: (J=compiled Java code, j=interpreted, Vv=VM code, C=native code)
V  [jvm.dll+0x6c9029]
V  [jvm.dll+0x854b81]
V  [jvm.dll+0x856e5e]
V  [jvm.dll+0x857543]
V  [jvm.dll+0x280c06]
V  [jvm.dll+0xc3ead]
V  [jvm.dll+0xc43c3]
V  [jvm.dll+0x3b576c]
V  [jvm.dll+0x1e20b9]
V  [jvm.dll+0x249c22]
V  [jvm.dll+0x2490b1]
V  [jvm.dll+0x1c9ca1]
V  [jvm.dll+0x2586b9]
V  [jvm.dll+0x256c9a]
V  [jvm.dll+0x3ef1b6]
V  [jvm.dll+0x7fd728]
V  [jvm.dll+0x6c777d]
C  [ucrtbase.dll+0x37b0]
C  [KERNEL32.DLL+0x2e8d7]
C  [ntdll.dll+0xb14fc]


---------------  P R O C E S S  ---------------

Threads class SMR info:
_java_thread_list=0x0000015e6e14d230, length=22, elements={
0x0000015e05f658f0, 0x0000015e24c73690, 0x0000015e24c740f0, 0x0000015e24c75140,
0x0000015e24c76030, 0x0000015e24c80af0, 0x0000015e24c81680, 0x0000015e24c85a40,
0x0000015e259b01c0, 0x0000015e25ae6390, 0x0000015e25ae8e60, 0x0000015e25afaf80,
0x0000015e25b07290, 0x0000015e6b1da580, 0x0000015e6b4c6150, 0x0000015e6c3e1d90,
0x0000015e6be84c90, 0x0000015e6db10720, 0x0000015e6c17fca0, 0x0000015e6f8498c0,
0x0000015e6f0f3ff0, 0x0000015e71475010
}

Java Threads: ( => current thread )
  0x0000015e05f658f0 JavaThread "main"                              [_thread_in_native, id=22628, stack(0x000000051ac00000,0x000000051ad00000) (1024K)]
  0x0000015e24c73690 JavaThread "Reference Handler"          daemon [_thread_blocked, id=22980, stack(0x000000051b400000,0x000000051b500000) (1024K)]
  0x0000015e24c740f0 JavaThread "Finalizer"                  daemon [_thread_blocked, id=17148, stack(0x000000051b500000,0x000000051b600000) (1024K)]
  0x0000015e24c75140 JavaThread "Signal Dispatcher"          daemon [_thread_blocked, id=18960, stack(0x000000051b600000,0x000000051b700000) (1024K)]
  0x0000015e24c76030 JavaThread "Attach Listener"            daemon [_thread_blocked, id=14280, stack(0x000000051b700000,0x000000051b800000) (1024K)]
  0x0000015e24c80af0 JavaThread "Service Thread"             daemon [_thread_blocked, id=3876, stack(0x000000051b800000,0x000000051b900000) (1024K)]
  0x0000015e24c81680 JavaThread "Monitor Deflation Thread"   daemon [_thread_blocked, id=16352, stack(0x000000051b900000,0x000000051ba00000) (1024K)]
  0x0000015e24c85a40 JavaThread "C2 CompilerThread0"         daemon [_thread_blocked, id=10496, stack(0x000000051ba00000,0x000000051bb00000) (1024K)]
  0x0000015e259b01c0 JavaThread "C1 CompilerThread0"         daemon [_thread_blocked, id=460, stack(0x000000051bb00000,0x000000051bc00000) (1024K)]
  0x0000015e25ae6390 JavaThread "C1 CompilerThread1"         daemon [_thread_blocked, id=16120, stack(0x000000051bc00000,0x000000051bd00000) (1024K)]
  0x0000015e25ae8e60 JavaThread "C1 CompilerThread2"         daemon [_thread_blocked, id=19488, stack(0x000000051bd00000,0x000000051be00000) (1024K)]
  0x0000015e25afaf80 JavaThread "Notification Thread"        daemon [_thread_blocked, id=21772, stack(0x000000051be00000,0x000000051bf00000) (1024K)]
  0x0000015e25b07290 JavaThread "Common-Cleaner"             daemon [_thread_blocked, id=4464, stack(0x000000051bf00000,0x000000051c000000) (1024K)]
  0x0000015e6b1da580 JavaThread "C1 CompilerThread3"         daemon [_thread_blocked, id=16436, stack(0x000000051c000000,0x000000051c100000) (1024K)]
=>0x0000015e6b4c6150 JavaThread "C2 CompilerThread1"         daemon [_thread_in_native, id=22340, stack(0x000000051c100000,0x000000051c200000) (1024K)]
  0x0000015e6c3e1d90 JavaThread "C2 CompilerThread2"         daemon [_thread_blocked, id=18040, stack(0x000000051c200000,0x000000051c300000) (1024K)]
  0x0000015e6be84c90 JavaThread "C2 CompilerThread3"         daemon [_thread_blocked, id=24664, stack(0x000000051c300000,0x000000051c400000) (1024K)]
  0x0000015e6db10720 JavaThread "C2 CompilerThread4"         daemon [_thread_blocked, id=30628, stack(0x000000051d300000,0x000000051d400000) (1024K)]
  0x0000015e6c17fca0 JavaThread "C2 CompilerThread5"         daemon [_thread_blocked, id=2472, stack(0x000000051d400000,0x000000051d500000) (1024K)]
  0x0000015e6f8498c0 JavaThread "Exec Stream Pumper"         daemon [_thread_in_native, id=1360, stack(0x000000051d700000,0x000000051d800000) (1024K)]
  0x0000015e6f0f3ff0 JavaThread "Exec Stream Pumper"         daemon [_thread_in_native, id=20184, stack(0x000000051d800000,0x000000051d900000) (1024K)]
  0x0000015e71475010 JavaThread "Exec Input Stream Pumper"   daemon [_thread_blocked, id=29568, stack(0x000000051d900000,0x000000051da00000) (1024K)]
Total: 22

Other Threads:
  0x0000015e24c52a10 VMThread "VM Thread"                           [id=21388, stack(0x000000051b300000,0x000000051b400000) (1024K)]
  0x0000015e24c3a270 WatcherThread "VM Periodic Task Thread"        [id=14892, stack(0x000000051b200000,0x000000051b300000) (1024K)]
  0x0000015e05fc3f90 WorkerThread "GC Thread#0"                     [id=18532, stack(0x000000051ad00000,0x000000051ae00000) (1024K)]
  0x0000015e6bc0e490 WorkerThread "GC Thread#1"                     [id=5660, stack(0x000000051c500000,0x000000051c600000) (1024K)]
  0x0000015e6bc0ec40 WorkerThread "GC Thread#2"                     [id=12404, stack(0x000000051c600000,0x000000051c700000) (1024K)]
  0x0000015e6bc0efe0 WorkerThread "GC Thread#3"                     [id=30768, stack(0x000000051c700000,0x000000051c800000) (1024K)]
  0x0000015e6bc0f380 WorkerThread "GC Thread#4"                     [id=27308, stack(0x000000051c800000,0x000000051c900000) (1024K)]
  0x0000015e6beaf660 WorkerThread "GC Thread#5"                     [id=25680, stack(0x000000051c900000,0x000000051ca00000) (1024K)]
  0x0000015e6beb0210 WorkerThread "GC Thread#6"                     [id=7620, stack(0x000000051ca00000,0x000000051cb00000) (1024K)]
  0x0000015e6beb05b0 WorkerThread "GC Thread#7"                     [id=8276, stack(0x000000051cb00000,0x000000051cc00000) (1024K)]
  0x0000015e6d152e60 WorkerThread "GC Thread#8"                     [id=7276, stack(0x000000051cf00000,0x000000051d000000) (1024K)]
  0x0000015e6d153940 WorkerThread "GC Thread#9"                     [id=9696, stack(0x000000051d000000,0x000000051d100000) (1024K)]
  0x0000015e6d154420 WorkerThread "GC Thread#10"                    [id=5096, stack(0x000000051cc00000,0x000000051cd00000) (1024K)]
  0x0000015e6d152ac0 WorkerThread "GC Thread#11"                    [id=22844, stack(0x000000051cd00000,0x000000051ce00000) (1024K)]
  0x0000015e6cf60540 WorkerThread "GC Thread#12"                    [id=18396, stack(0x000000051ce00000,0x000000051cf00000) (1024K)]
  0x0000015e05fd4280 ConcurrentGCThread "G1 Main Marker"            [id=30024, stack(0x000000051ae00000,0x000000051af00000) (1024K)]
  0x0000015e05fd71d0 WorkerThread "G1 Conc#0"                       [id=10640, stack(0x000000051af00000,0x000000051b000000) (1024K)]
  0x0000015e6cf61760 WorkerThread "G1 Conc#1"                       [id=11320, stack(0x000000051d100000,0x000000051d200000) (1024K)]
  0x0000015e6cf62980 WorkerThread "G1 Conc#2"                       [id=16208, stack(0x000000051d200000,0x000000051d300000) (1024K)]
  0x0000015e0601eb40 ConcurrentGCThread "G1 Refine#0"               [id=32560, stack(0x000000051b000000,0x000000051b100000) (1024K)]
  0x0000015e24b0b820 ConcurrentGCThread "G1 Service"                [id=24008, stack(0x000000051b100000,0x000000051b200000) (1024K)]
Total: 21

Threads with active compile tasks:
C2 CompilerThread1    13423 7799       4       com.sun.tools.javac.comp.Resolve::rawInstantiate (508 bytes)
Total: 1

VM state: not at safepoint (normal execution)

VM Mutex/Monitor currently owned by a thread: None

Heap address: 0x000000070c000000, size: 3904 MB, Compressed Oops mode: Zero based, Oop shift amount: 3

CDS archive(s) mapped at: [0x0000015e26000000-0x0000015e26c90000-0x0000015e26c90000), size 13172736, SharedBaseAddress: 0x0000015e26000000, ArchiveRelocationMode: 1.
Compressed class space mapped at: 0x0000015e27000000-0x0000015e67000000, reserved size: 1073741824
Narrow klass base: 0x0000015e26000000, Narrow klass shift: 0, Narrow klass range: 0x100000000

GC Precious Log:
 CardTable entry size: 512
 Card Set container configuration: InlinePtr #cards 4 size 8 Array Of Cards #cards 16 size 48 Howl #buckets 8 coarsen threshold 3686 Howl Bitmap #cards 512 size 80 coarsen threshold 460 Card regions per heap region 1 cards per card region 4096
 CPUs: 16 total, 16 available
 Memory: 15611M
 Large Page Support: Disabled
 NUMA Support: Disabled
 Compressed Oops: Enabled (Zero based)
 Heap Region Size: 2M
 Heap Min Capacity: 8M
 Heap Initial Capacity: 244M
 Heap Max Capacity: 3904M
 Pre-touch: Disabled
 Parallel Workers: 13
 Concurrent Workers: 3
 Concurrent Refinement Workers: 13
 Periodic GC: Disabled

Heap:
 garbage-first heap   total 92160K, used 41013K [0x000000070c000000, 0x0000000800000000)
  region size 2048K, 3 young (6144K), 2 survivors (4096K)
 Metaspace       used 37565K, committed 37952K, reserved 1114112K
  class space    used 4267K, committed 4416K, reserved 1048576K

Heap Regions: E=young(eden), S=young(survivor), O=old, HS=humongous(starts), HC=humongous(continues), CS=collection set, F=free, TAMS=top-at-mark-start, PB=parsable bottom
|   0|0x000000070c000000, 0x000000070c200000, 0x000000070c200000|100%| O|  |TAMS 0x000000070c000000| PB 0x000000070c000000| Untracked 
|   1|0x000000070c200000, 0x000000070c400000, 0x000000070c400000|100%| O|  |TAMS 0x000000070c200000| PB 0x000000070c200000| Untracked 
|   2|0x000000070c400000, 0x000000070c600000, 0x000000070c600000|100%|HS|  |TAMS 0x000000070c400000| PB 0x000000070c400000| Complete 
|   3|0x000000070c600000, 0x000000070c800000, 0x000000070c800000|100%|HC|  |TAMS 0x000000070c600000| PB 0x000000070c600000| Complete 
|   4|0x000000070c800000, 0x000000070ca00000, 0x000000070ca00000|100%|HS|  |TAMS 0x000000070c800000| PB 0x000000070c800000| Complete 
|   5|0x000000070ca00000, 0x000000070cc00000, 0x000000070cc00000|100%|HC|  |TAMS 0x000000070ca00000| PB 0x000000070ca00000| Complete 
|   6|0x000000070cc00000, 0x000000070ce00000, 0x000000070ce00000|100%| O|  |TAMS 0x000000070cc00000| PB 0x000000070cc00000| Untracked 
|   7|0x000000070ce00000, 0x000000070d000000, 0x000000070d000000|100%| O|  |TAMS 0x000000070ce00000| PB 0x000000070ce00000| Untracked 
|   8|0x000000070d000000, 0x000000070d200000, 0x000000070d200000|100%| O|  |TAMS 0x000000070d000000| PB 0x000000070d000000| Untracked 
|   9|0x000000070d200000, 0x000000070d400000, 0x000000070d400000|100%| O|  |TAMS 0x000000070d200000| PB 0x000000070d200000| Untracked 
|  10|0x000000070d400000, 0x000000070d600000, 0x000000070d600000|100%| O|  |TAMS 0x000000070d400000| PB 0x000000070d400000| Untracked 
|  11|0x000000070d600000, 0x000000070d800000, 0x000000070d800000|100%| O|  |TAMS 0x000000070d600000| PB 0x000000070d600000| Untracked 
|  12|0x000000070d800000, 0x000000070da00000, 0x000000070da00000|100%| O|  |TAMS 0x000000070d800000| PB 0x000000070d800000| Untracked 
|  13|0x000000070da00000, 0x000000070da00000, 0x000000070dc00000|  0%| F|  |TAMS 0x000000070da00000| PB 0x000000070da00000| Untracked 
|  14|0x000000070dc00000, 0x000000070de00000, 0x000000070de00000|100%| O|  |TAMS 0x000000070dc00000| PB 0x000000070dc00000| Untracked 
|  15|0x000000070de00000, 0x000000070de575d0, 0x000000070e000000| 17%| O|  |TAMS 0x000000070de00000| PB 0x000000070de00000| Untracked 
|  16|0x000000070e000000, 0x000000070e000000, 0x000000070e200000|  0%| F|  |TAMS 0x000000070e000000| PB 0x000000070e000000| Untracked 
|  17|0x000000070e200000, 0x000000070e200000, 0x000000070e400000|  0%| F|  |TAMS 0x000000070e200000| PB 0x000000070e200000| Untracked 
|  18|0x000000070e400000, 0x000000070e400000, 0x000000070e600000|  0%| F|  |TAMS 0x000000070e400000| PB 0x000000070e400000| Untracked 
|  19|0x000000070e600000, 0x000000070e600000, 0x000000070e800000|  0%| F|  |TAMS 0x000000070e600000| PB 0x000000070e600000| Untracked 
|  20|0x000000070e800000, 0x000000070e800000, 0x000000070ea00000|  0%| F|  |TAMS 0x000000070e800000| PB 0x000000070e800000| Untracked 
|  21|0x000000070ea00000, 0x000000070ebb6050, 0x000000070ec00000| 85%| S|CS|TAMS 0x000000070ea00000| PB 0x000000070ea00000| Complete 
|  22|0x000000070ec00000, 0x000000070ee00000, 0x000000070ee00000|100%| S|CS|TAMS 0x000000070ec00000| PB 0x000000070ec00000| Complete 
|  23|0x000000070ee00000, 0x000000070ee00000, 0x000000070f000000|  0%| F|  |TAMS 0x000000070ee00000| PB 0x000000070ee00000| Untracked 
|  24|0x000000070f000000, 0x000000070f000000, 0x000000070f200000|  0%| F|  |TAMS 0x000000070f000000| PB 0x000000070f000000| Untracked 
|  25|0x000000070f200000, 0x000000070f200000, 0x000000070f400000|  0%| F|  |TAMS 0x000000070f200000| PB 0x000000070f200000| Untracked 
|  26|0x000000070f400000, 0x000000070f400000, 0x000000070f600000|  0%| F|  |TAMS 0x000000070f400000| PB 0x000000070f400000| Untracked 
|  27|0x000000070f600000, 0x000000070f600000, 0x000000070f800000|  0%| F|  |TAMS 0x000000070f600000| PB 0x000000070f600000| Untracked 
|  28|0x000000070f800000, 0x000000070f800000, 0x000000070fa00000|  0%| F|  |TAMS 0x000000070f800000| PB 0x000000070f800000| Untracked 
|  29|0x000000070fa00000, 0x000000070fa00000, 0x000000070fc00000|  0%| F|  |TAMS 0x000000070fa00000| PB 0x000000070fa00000| Untracked 
|  30|0x000000070fc00000, 0x000000070fc00000, 0x000000070fe00000|  0%| F|  |TAMS 0x000000070fc00000| PB 0x000000070fc00000| Untracked 
|  31|0x000000070fe00000, 0x000000070fe00000, 0x0000000710000000|  0%| F|  |TAMS 0x000000070fe00000| PB 0x000000070fe00000| Untracked 
|  32|0x0000000710000000, 0x0000000710000000, 0x0000000710200000|  0%| F|  |TAMS 0x0000000710000000| PB 0x0000000710000000| Untracked 
|  33|0x0000000710200000, 0x0000000710200000, 0x0000000710400000|  0%| F|  |TAMS 0x0000000710200000| PB 0x0000000710200000| Untracked 
|  34|0x0000000710400000, 0x0000000710400000, 0x0000000710600000|  0%| F|  |TAMS 0x0000000710400000| PB 0x0000000710400000| Untracked 
|  35|0x0000000710600000, 0x0000000710600000, 0x0000000710800000|  0%| F|  |TAMS 0x0000000710600000| PB 0x0000000710600000| Untracked 
|  91|0x0000000717600000, 0x0000000717600000, 0x0000000717800000|  0%| F|  |TAMS 0x0000000717600000| PB 0x0000000717600000| Untracked 
|  92|0x0000000717800000, 0x0000000717800000, 0x0000000717a00000|  0%| F|  |TAMS 0x0000000717800000| PB 0x0000000717800000| Untracked 
|  93|0x0000000717a00000, 0x0000000717a00000, 0x0000000717c00000|  0%| F|  |TAMS 0x0000000717a00000| PB 0x0000000717a00000| Untracked 
|  94|0x0000000717c00000, 0x0000000717c00000, 0x0000000717e00000|  0%| F|  |TAMS 0x0000000717c00000| PB 0x0000000717c00000| Untracked 
| 121|0x000000071b200000, 0x000000071b2ffbe0, 0x000000071b400000| 49%| E|  |TAMS 0x000000071b200000| PB 0x000000071b200000| Complete 
|1948|0x00000007ff800000, 0x00000007ffa00000, 0x00000007ffa00000|100%| O|  |TAMS 0x00000007ff800000| PB 0x00000007ff800000| Untracked 
|1949|0x00000007ffa00000, 0x00000007ffc00000, 0x00000007ffc00000|100%| O|  |TAMS 0x00000007ffa00000| PB 0x00000007ffa00000| Untracked 
|1950|0x00000007ffc00000, 0x00000007ffe00000, 0x00000007ffe00000|100%| O|  |TAMS 0x00000007ffc00000| PB 0x00000007ffc00000| Untracked 
|1951|0x00000007ffe00000, 0x0000000800000000, 0x0000000800000000|100%| O|  |TAMS 0x00000007ffe00000| PB 0x00000007ffe00000| Untracked 

Card table byte_map: [0x0000015e1e3d0000,0x0000015e1eb70000] _byte_map_base: 0x0000015e1ab70000

Marking Bits: (CMBitMap*) 0x0000015e05fc45a0
 Bits: [0x0000015e1eb70000, 0x0000015e22870000)

Polling page: 0x0000015e03ef0000

Metaspace:

Usage:
  Non-class:     32.52 MB used.
      Class:      4.17 MB used.
       Both:     36.69 MB used.

Virtual space:
  Non-class space:       64.00 MB reserved,      32.75 MB ( 51%) committed,  1 nodes.
      Class space:        1.00 GB reserved,       4.31 MB ( <1%) committed,  1 nodes.
             Both:        1.06 GB reserved,      37.06 MB (  3%) committed. 

Chunk freelists:
   Non-Class:  14.99 MB
       Class:  11.64 MB
        Both:  26.64 MB

MaxMetaspaceSize: unlimited
CompressedClassSpaceSize: 1.00 GB
Initial GC threshold: 21.00 MB
Current GC threshold: 58.69 MB
CDS: on
 - commit_granule_bytes: 65536.
 - commit_granule_words: 8192.
 - virtual_space_node_default_size: 8388608.
 - enlarge_chunks_in_place: 1.
 - use_allocation_guard: 0.


Internal statistics:

num_allocs_failed_limit: 6.
num_arena_births: 348.
num_arena_deaths: 0.
num_vsnodes_births: 2.
num_vsnodes_deaths: 0.
num_space_committed: 593.
num_space_uncommitted: 0.
num_chunks_returned_to_freelist: 6.
num_chunks_taken_from_freelist: 1496.
num_chunk_merges: 3.
num_chunk_splits: 1067.
num_chunks_enlarged: 835.
num_inconsistent_stats: 0.

CodeHeap 'non-profiled nmethods': size=119168Kb used=4384Kb max_used=4384Kb free=114783Kb
 bounds [0x0000015e15f50000, 0x0000015e163a0000, 0x0000015e1d3b0000]
CodeHeap 'profiled nmethods': size=119104Kb used=17645Kb max_used=17645Kb free=101459Kb
 bounds [0x0000015e0e3b0000, 0x0000015e0f4f0000, 0x0000015e15800000]
CodeHeap 'non-nmethods': size=7488Kb used=3229Kb max_used=3344Kb free=4258Kb
 bounds [0x0000015e15800000, 0x0000015e15b50000, 0x0000015e15f50000]
 total_blobs=8028 nmethods=7424 adapters=505
 compilation: enabled
              stopped_count=0, restarted_count=0
 full_count=0

Compilation events (20 events):
Event: 11.038 Thread 0x0000015e25ae8e60 7978       3       java.lang.ProcessEnvironment$CheckedEntry::getKey (13 bytes)
Event: 11.038 Thread 0x0000015e25ae6390 7979       3       java.lang.ProcessEnvironment$EntryComparator::compare (13 bytes)
Event: 11.038 Thread 0x0000015e6b1da580 7980       3       java.lang.ProcessEnvironment$EntryComparator::compare (25 bytes)
Event: 11.038 Thread 0x0000015e259b01c0 nmethod 7977 0x0000015e0f4eaa10 code [0x0000015e0f4eabe0, 0x0000015e0f4eaf20]
Event: 11.038 Thread 0x0000015e25ae8e60 nmethod 7978 0x0000015e0f4eb010 code [0x0000015e0f4eb1c0, 0x0000015e0f4eb490]
Event: 11.039 Thread 0x0000015e25ae8e60 7981       3       java.lang.ProcessEnvironment$CheckedEntry::getValue (5 bytes)
Event: 11.039 Thread 0x0000015e259b01c0 7982       3       java.lang.ProcessEnvironment$CheckedEntry::getValue (13 bytes)
Event: 11.039 Thread 0x0000015e6b1da580 nmethod 7980 0x0000015e0f4eb590 code [0x0000015e0f4eb780, 0x0000015e0f4ebc60]
Event: 11.039 Thread 0x0000015e25ae6390 nmethod 7979 0x0000015e0f4ebe10 code [0x0000015e0f4ec020, 0x0000015e0f4ec778]
Event: 11.039 Thread 0x0000015e259b01c0 nmethod 7982 0x0000015e0f4ec910 code [0x0000015e0f4ecac0, 0x0000015e0f4ecd90]
Event: 11.039 Thread 0x0000015e25ae8e60 nmethod 7981 0x0000015e0f4ece90 code [0x0000015e0f4ed060, 0x0000015e0f4ed3a0]
Event: 11.044 Thread 0x0000015e6db10720 nmethod 7938 0x0000015e16379910 code [0x0000015e16379ca0, 0x0000015e1637c638]
Event: 11.069 Thread 0x0000015e6be84c90 7984       4       java.lang.ref.Reference::enqueueFromPending (19 bytes)
Event: 11.073 Thread 0x0000015e6be84c90 nmethod 7984 0x0000015e1637e690 code [0x0000015e1637e880, 0x0000015e1637ecd0]
Event: 11.073 Thread 0x0000015e6c3e1d90 7987       4       java.lang.invoke.MethodType::equals (56 bytes)
Event: 11.078 Thread 0x0000015e25ae8e60 7988       1       java.util.logging.Logger::getName (5 bytes)
Event: 11.078 Thread 0x0000015e25ae8e60 nmethod 7988 0x0000015e1637ef90 code [0x0000015e1637f120, 0x0000015e1637f1f0]
Event: 11.079 Thread 0x0000015e6c3e1d90 nmethod 7987 0x0000015e1637f290 code [0x0000015e1637f440, 0x0000015e1637f708]
Event: 11.100 Thread 0x0000015e6c17fca0 nmethod 7904 0x0000015e1637f990 code [0x0000015e1637ff20, 0x0000015e16383d38]
Event: 11.199 Thread 0x0000015e24c85a40 nmethod 7604 0x0000015e16385c90 code [0x0000015e16386980, 0x0000015e163908c0]

GC Heap History (18 events):
Event: 1.699 GC heap before
{Heap before GC invocations=0 (full 0):
 garbage-first heap   total 249856K, used 22528K [0x000000070c000000, 0x0000000800000000)
  region size 2048K, 11 young (22528K), 0 survivors (0K)
 Metaspace       used 5654K, committed 5888K, reserved 1114112K
  class space    used 651K, committed 768K, reserved 1048576K
}
Event: 1.704 GC heap after
{Heap after GC invocations=1 (full 0):
 garbage-first heap   total 249856K, used 3894K [0x000000070c000000, 0x0000000800000000)
  region size 2048K, 2 young (4096K), 2 survivors (4096K)
 Metaspace       used 5654K, committed 5888K, reserved 1114112K
  class space    used 651K, committed 768K, reserved 1048576K
}
Event: 2.530 GC heap before
{Heap before GC invocations=1 (full 0):
 garbage-first heap   total 249856K, used 36662K [0x000000070c000000, 0x0000000800000000)
  region size 2048K, 18 young (36864K), 2 survivors (4096K)
 Metaspace       used 9607K, committed 9792K, reserved 1114112K
  class space    used 1131K, committed 1216K, reserved 1048576K
}
Event: 2.535 GC heap after
{Heap after GC invocations=2 (full 0):
 garbage-first heap   total 249856K, used 5385K [0x000000070c000000, 0x0000000800000000)
  region size 2048K, 1 young (2048K), 1 survivors (2048K)
 Metaspace       used 9607K, committed 9792K, reserved 1114112K
  class space    used 1131K, committed 1216K, reserved 1048576K
}
Event: 4.492 GC heap before
{Heap before GC invocations=2 (full 0):
 garbage-first heap   total 249856K, used 54537K [0x000000070c000000, 0x0000000800000000)
  region size 2048K, 27 young (55296K), 1 survivors (2048K)
 Metaspace       used 21231K, committed 21504K, reserved 1114112K
  class space    used 2498K, committed 2624K, reserved 1048576K
}
Event: 4.502 GC heap after
{Heap after GC invocations=3 (full 0):
 garbage-first heap   total 249856K, used 11751K [0x000000070c000000, 0x0000000800000000)
  region size 2048K, 4 young (8192K), 4 survivors (8192K)
 Metaspace       used 21231K, committed 21504K, reserved 1114112K
  class space    used 2498K, committed 2624K, reserved 1048576K
}
Event: 6.254 GC heap before
{Heap before GC invocations=4 (full 0):
 garbage-first heap   total 49152K, used 48615K [0x000000070c000000, 0x0000000800000000)
  region size 2048K, 22 young (45056K), 4 survivors (8192K)
 Metaspace       used 26264K, committed 26624K, reserved 1114112K
  class space    used 3042K, committed 3200K, reserved 1048576K
}
Event: 6.269 GC heap after
{Heap after GC invocations=5 (full 0):
 garbage-first heap   total 61440K, used 14205K [0x000000070c000000, 0x0000000800000000)
  region size 2048K, 6 young (12288K), 6 survivors (12288K)
 Metaspace       used 26264K, committed 26624K, reserved 1114112K
  class space    used 3042K, committed 3200K, reserved 1048576K
}
Event: 7.280 GC heap before
{Heap before GC invocations=5 (full 0):
 garbage-first heap   total 61440K, used 44925K [0x000000070c000000, 0x0000000800000000)
  region size 2048K, 18 young (36864K), 6 survivors (12288K)
 Metaspace       used 33321K, committed 33664K, reserved 1114112K
  class space    used 3859K, committed 4032K, reserved 1048576K
}
Event: 7.312 GC heap after
{Heap after GC invocations=6 (full 0):
 garbage-first heap   total 69632K, used 28869K [0x000000070c000000, 0x0000000800000000)
  region size 2048K, 3 young (6144K), 3 survivors (6144K)
 Metaspace       used 33321K, committed 33664K, reserved 1114112K
  class space    used 3859K, committed 4032K, reserved 1048576K
}
Event: 7.738 GC heap before
{Heap before GC invocations=6 (full 0):
 garbage-first heap   total 69632K, used 53445K [0x000000070c000000, 0x0000000800000000)
  region size 2048K, 15 young (30720K), 3 survivors (6144K)
 Metaspace       used 34102K, committed 34432K, reserved 1114112K
  class space    used 3949K, committed 4096K, reserved 1048576K
}
Event: 7.755 GC heap after
{Heap after GC invocations=7 (full 0):
 garbage-first heap   total 69632K, used 33663K [0x000000070c000000, 0x0000000800000000)
  region size 2048K, 2 young (4096K), 2 survivors (4096K)
 Metaspace       used 34102K, committed 34432K, reserved 1114112K
  class space    used 3949K, committed 4096K, reserved 1048576K
}
Event: 8.438 GC heap before
{Heap before GC invocations=7 (full 0):
 garbage-first heap   total 69632K, used 52095K [0x000000070c000000, 0x0000000800000000)
  region size 2048K, 12 young (24576K), 2 survivors (4096K)
 Metaspace       used 35639K, committed 35968K, reserved 1114112K
  class space    used 4130K, committed 4288K, reserved 1048576K
}
Event: 8.459 GC heap after
{Heap after GC invocations=8 (full 0):
 garbage-first heap   total 69632K, used 37936K [0x000000070c000000, 0x0000000800000000)
  region size 2048K, 2 young (4096K), 2 survivors (4096K)
 Metaspace       used 35639K, committed 35968K, reserved 1114112K
  class space    used 4130K, committed 4288K, reserved 1048576K
}
Event: 9.579 GC heap before
{Heap before GC invocations=9 (full 0):
 garbage-first heap   total 69632K, used 56368K [0x000000070c000000, 0x0000000800000000)
  region size 2048K, 11 young (22528K), 2 survivors (4096K)
 Metaspace       used 36581K, committed 36928K, reserved 1114112K
  class space    used 4203K, committed 4352K, reserved 1048576K
}
Event: 9.597 GC heap after
{Heap after GC invocations=10 (full 0):
 garbage-first heap   total 92160K, used 39557K [0x000000070c000000, 0x0000000800000000)
  region size 2048K, 1 young (2048K), 1 survivors (2048K)
 Metaspace       used 36581K, committed 36928K, reserved 1114112K
  class space    used 4203K, committed 4352K, reserved 1048576K
}
Event: 11.048 GC heap before
{Heap before GC invocations=10 (full 0):
 garbage-first heap   total 92160K, used 76421K [0x000000070c000000, 0x0000000800000000)
  region size 2048K, 19 young (38912K), 1 survivors (2048K)
 Metaspace       used 37477K, committed 37824K, reserved 1114112K
  class space    used 4253K, committed 4416K, reserved 1048576K
}
Event: 11.068 GC heap after
{Heap after GC invocations=11 (full 0):
 garbage-first heap   total 92160K, used 41013K [0x000000070c000000, 0x0000000800000000)
  region size 2048K, 2 young (4096K), 2 survivors (4096K)
 Metaspace       used 37477K, committed 37824K, reserved 1114112K
  class space    used 4253K, committed 4416K, reserved 1048576K
}

Dll operation events (10 events):
Event: 0.010 Loaded shared library C:\Program Files\Java\jdk-21\bin\java.dll
Event: 0.752 Loaded shared library C:\Program Files\Java\jdk-21\bin\jsvml.dll
Event: 0.791 Loaded shared library C:\Program Files\Java\jdk-21\bin\net.dll
Event: 0.795 Loaded shared library C:\Program Files\Java\jdk-21\bin\nio.dll
Event: 0.802 Loaded shared library C:\Program Files\Java\jdk-21\bin\zip.dll
Event: 1.049 Loaded shared library C:\Program Files\Java\jdk-21\bin\jimage.dll
Event: 1.051 Loaded shared library C:\Program Files\NetBeans-25\netbeans\java\maven\lib\jansi-native\Windows\x86_64\jansi.dll
Event: 1.075 Loaded shared library C:\Program Files\Java\jdk-21\bin\verify.dll
Event: 4.392 Loaded shared library C:\Program Files\Java\jdk-21\bin\extnet.dll
Event: 4.443 Loaded shared library C:\Program Files\Java\jdk-21\bin\sunmscapi.dll

Deoptimization events (20 events):
Event: 10.923 Thread 0x0000015e05f658f0 DEOPT PACKING pc=0x0000015e161c6f08 sp=0x000000051acfd1e0
Event: 10.923 Thread 0x0000015e05f658f0 DEOPT UNPACKING pc=0x0000015e158546a2 sp=0x000000051acfd180 mode 2
Event: 10.928 Thread 0x0000015e05f658f0 Uncommon trap: trap_request=0xffffffd6 fr.pc=0x0000015e161c6f08 relative=0x00000000000003c8
Event: 10.928 Thread 0x0000015e05f658f0 Uncommon trap: reason=array_check action=maybe_recompile pc=0x0000015e161c6f08 method=java.util.LinkedHashMap.valuesToArray([Ljava/lang/Object;Z)[Ljava/lang/Object; @ 67 c2
Event: 10.928 Thread 0x0000015e05f658f0 DEOPT PACKING pc=0x0000015e161c6f08 sp=0x000000051acfcba0
Event: 10.928 Thread 0x0000015e05f658f0 DEOPT UNPACKING pc=0x0000015e158546a2 sp=0x000000051acfcb40 mode 2
Event: 10.937 Thread 0x0000015e05f658f0 DEOPT PACKING pc=0x0000015e0ef7a796 sp=0x000000051acfc7a0
Event: 10.937 Thread 0x0000015e05f658f0 DEOPT UNPACKING pc=0x0000015e15854e42 sp=0x000000051acfbd20 mode 0
Event: 11.015 Thread 0x0000015e05f658f0 Uncommon trap: trap_request=0xffffff45 fr.pc=0x0000015e16361efc relative=0x000000000000039c
Event: 11.015 Thread 0x0000015e05f658f0 Uncommon trap: reason=unstable_if action=reinterpret pc=0x0000015e16361efc method=java.util.StringTokenizer.scanToken(I)I @ 96 c2
Event: 11.015 Thread 0x0000015e05f658f0 DEOPT PACKING pc=0x0000015e16361efc sp=0x000000051acfde20
Event: 11.015 Thread 0x0000015e05f658f0 DEOPT UNPACKING pc=0x0000015e158546a2 sp=0x000000051acfddb0 mode 2
Event: 11.037 Thread 0x0000015e05f658f0 Uncommon trap: trap_request=0xffffffbe fr.pc=0x0000015e1605c9f0 relative=0x00000000000011d0
Event: 11.037 Thread 0x0000015e05f658f0 Uncommon trap: reason=profile_predicate action=maybe_recompile pc=0x0000015e1605c9f0 method=java.util.TimSort.binarySort([Ljava/lang/Object;IIILjava/util/Comparator;)V @ 34 c2
Event: 11.037 Thread 0x0000015e05f658f0 DEOPT PACKING pc=0x0000015e1605c9f0 sp=0x000000051acfd7f0
Event: 11.038 Thread 0x0000015e05f658f0 DEOPT UNPACKING pc=0x0000015e158546a2 sp=0x000000051acfd7c0 mode 2
Event: 11.038 Thread 0x0000015e05f658f0 Uncommon trap: trap_request=0xffffffbe fr.pc=0x0000015e1605c9f0 relative=0x00000000000011d0
Event: 11.038 Thread 0x0000015e05f658f0 Uncommon trap: reason=profile_predicate action=maybe_recompile pc=0x0000015e1605c9f0 method=java.util.TimSort.binarySort([Ljava/lang/Object;IIILjava/util/Comparator;)V @ 34 c2
Event: 11.038 Thread 0x0000015e05f658f0 DEOPT PACKING pc=0x0000015e1605c9f0 sp=0x000000051acfd7f0
Event: 11.038 Thread 0x0000015e05f658f0 DEOPT UNPACKING pc=0x0000015e158546a2 sp=0x000000051acfd7c0 mode 2

Classes loaded (20 events):
Event: 11.073 Loading class java/util/concurrent/Executors
Event: 11.073 Loading class java/util/concurrent/Executors done
Event: 11.073 Loading class java/util/concurrent/SynchronousQueue
Event: 11.073 Loading class java/util/concurrent/SynchronousQueue done
Event: 11.074 Loading class java/util/concurrent/SynchronousQueue$TransferStack
Event: 11.074 Loading class java/util/concurrent/SynchronousQueue$Transferer
Event: 11.074 Loading class java/util/concurrent/SynchronousQueue$Transferer done
Event: 11.074 Loading class java/util/concurrent/SynchronousQueue$TransferStack done
Event: 11.074 Loading class java/util/concurrent/SynchronousQueue$TransferStack$SNode
Event: 11.074 Loading class java/util/concurrent/SynchronousQueue$TransferStack$SNode done
Event: 11.074 Loading class java/lang/ProcessImpl$2
Event: 11.075 Loading class java/lang/ProcessImpl$2 done
Event: 11.075 Loading class java/lang/Process$PipeInputStream
Event: 11.075 Loading class java/lang/Process$PipeInputStream done
Event: 11.077 Loading class jdk/internal/event/ProcessStartEvent
Event: 11.077 Loading class jdk/internal/event/ProcessStartEvent done
Event: 11.079 Loading class java/io/PipedOutputStream
Event: 11.079 Loading class java/io/PipedOutputStream done
Event: 11.081 Loading class jdk/internal/event/ThreadSleepEvent
Event: 11.081 Loading class jdk/internal/event/ThreadSleepEvent done

Classes unloaded (0 events):
No events

Classes redefined (0 events):
No events

Internal exceptions (20 events):
Event: 10.765 Thread 0x0000015e05f658f0 Exception <a 'java/io/IOException'{0x000000070f27c540}> (0x000000070f27c540) 
thrown [s\open\src\hotspot\share\prims\jni.cpp, line 520]
Event: 10.765 Thread 0x0000015e05f658f0 Exception <a 'java/io/IOException'{0x000000070f27cb98}> (0x000000070f27cb98) 
thrown [s\open\src\hotspot\share\prims\jni.cpp, line 520]
Event: 10.765 Thread 0x0000015e05f658f0 Exception <a 'java/io/IOException'{0x000000070f27d1b8}> (0x000000070f27d1b8) 
thrown [s\open\src\hotspot\share\prims\jni.cpp, line 520]
Event: 10.766 Thread 0x0000015e05f658f0 Exception <a 'java/io/IOException'{0x000000070f27d7d8}> (0x000000070f27d7d8) 
thrown [s\open\src\hotspot\share\prims\jni.cpp, line 520]
Event: 10.766 Thread 0x0000015e05f658f0 Exception <a 'java/io/IOException'{0x000000070f280b70}> (0x000000070f280b70) 
thrown [s\open\src\hotspot\share\prims\jni.cpp, line 520]
Event: 10.766 Thread 0x0000015e05f658f0 Exception <a 'java/io/IOException'{0x000000070f2811c8}> (0x000000070f2811c8) 
thrown [s\open\src\hotspot\share\prims\jni.cpp, line 520]
Event: 10.766 Thread 0x0000015e05f658f0 Exception <a 'java/io/IOException'{0x000000070f2817e8}> (0x000000070f2817e8) 
thrown [s\open\src\hotspot\share\prims\jni.cpp, line 520]
Event: 10.766 Thread 0x0000015e05f658f0 Exception <a 'java/io/IOException'{0x000000070f281e08}> (0x000000070f281e08) 
thrown [s\open\src\hotspot\share\prims\jni.cpp, line 520]
Event: 10.766 Thread 0x0000015e05f658f0 Exception <a 'java/io/IOException'{0x000000070f282640}> (0x000000070f282640) 
thrown [s\open\src\hotspot\share\prims\jni.cpp, line 520]
Event: 10.766 Thread 0x0000015e05f658f0 Exception <a 'java/io/IOException'{0x000000070f282c98}> (0x000000070f282c98) 
thrown [s\open\src\hotspot\share\prims\jni.cpp, line 520]
Event: 10.766 Thread 0x0000015e05f658f0 Exception <a 'java/io/IOException'{0x000000070f2832b8}> (0x000000070f2832b8) 
thrown [s\open\src\hotspot\share\prims\jni.cpp, line 520]
Event: 10.766 Thread 0x0000015e05f658f0 Exception <a 'java/io/IOException'{0x000000070f2838d8}> (0x000000070f2838d8) 
thrown [s\open\src\hotspot\share\prims\jni.cpp, line 520]
Event: 10.766 Thread 0x0000015e05f658f0 Exception <a 'java/io/IOException'{0x000000070f2846d8}> (0x000000070f2846d8) 
thrown [s\open\src\hotspot\share\prims\jni.cpp, line 520]
Event: 10.766 Thread 0x0000015e05f658f0 Exception <a 'java/io/IOException'{0x000000070f284d30}> (0x000000070f284d30) 
thrown [s\open\src\hotspot\share\prims\jni.cpp, line 520]
Event: 10.767 Thread 0x0000015e05f658f0 Exception <a 'java/io/IOException'{0x000000070f285350}> (0x000000070f285350) 
thrown [s\open\src\hotspot\share\prims\jni.cpp, line 520]
Event: 10.767 Thread 0x0000015e05f658f0 Exception <a 'java/io/IOException'{0x000000070f285970}> (0x000000070f285970) 
thrown [s\open\src\hotspot\share\prims\jni.cpp, line 520]
Event: 11.048 Thread 0x0000015e05f658f0 Exception <a 'java/lang/NoSuchMethodError'{0x000000070efff370}: 'void java.lang.invoke.DirectMethodHandle$Holder.invokeStatic(java.lang.Object, long)'> (0x000000070efff370) 
thrown [s\open\src\hotspot\share\interpreter\linkResolver.cpp, line 773]
Event: 11.070 Thread 0x0000015e05f658f0 Exception <a 'java/lang/NoSuchMethodError'{0x000000071b2047b8}: 'java.lang.Object java.lang.invoke.DirectMethodHandle$Holder.newInvokeSpecial(java.lang.Object, long)'> (0x000000071b2047b8) 
thrown [s\open\src\hotspot\share\interpreter\linkResolver.cpp, line 773]
Event: 11.072 Thread 0x0000015e05f658f0 Exception <a 'java/lang/NoSuchMethodError'{0x000000071b20aca8}: 'java.lang.Object java.lang.invoke.DirectMethodHandle$Holder.invokeStatic(java.lang.Object, long, java.lang.Object)'> (0x000000071b20aca8) 
thrown [s\open\src\hotspot\share\interpreter\linkResolver.cpp, line 773]
Event: 11.072 Thread 0x0000015e05f658f0 Exception <a 'java/lang/NoSuchMethodError'{0x000000071b20e430}: 'java.lang.Object java.lang.invoke.DirectMethodHandle$Holder.invokeStaticInit(java.lang.Object, long, java.lang.Object)'> (0x000000071b20e430) 
thrown [s\open\src\hotspot\share\interpreter\linkResolver.cpp, line 773]

ZGC Phase Switch (0 events):
No events

VM Operations (20 events):
Event: 9.195 Executing VM operation: ICBufferFull
Event: 9.196 Executing VM operation: ICBufferFull done
Event: 9.389 Executing VM operation: ICBufferFull
Event: 9.390 Executing VM operation: ICBufferFull done
Event: 9.437 Executing VM operation: HandshakeAllThreads (Deoptimize)
Event: 9.438 Executing VM operation: HandshakeAllThreads (Deoptimize) done
Event: 9.569 Executing VM operation: ICBufferFull
Event: 9.569 Executing VM operation: ICBufferFull done
Event: 9.579 Executing VM operation: G1CollectForAllocation (G1 Evacuation Pause)
Event: 9.597 Executing VM operation: G1CollectForAllocation (G1 Evacuation Pause) done
Event: 9.840 Executing VM operation: ICBufferFull
Event: 9.840 Executing VM operation: ICBufferFull done
Event: 10.096 Executing VM operation: ICBufferFull
Event: 10.096 Executing VM operation: ICBufferFull done
Event: 10.471 Executing VM operation: ICBufferFull
Event: 10.471 Executing VM operation: ICBufferFull done
Event: 11.048 Executing VM operation: G1CollectForAllocation (G1 Evacuation Pause)
Event: 11.068 Executing VM operation: G1CollectForAllocation (G1 Evacuation Pause) done
Event: 11.077 Executing VM operation: HandshakeAllThreads (Deoptimize)
Event: 11.077 Executing VM operation: HandshakeAllThreads (Deoptimize) done

Events (20 events):
Event: 8.498 Thread 0x0000015e24c52a10 flushing nmethod 0x0000015e15f94510
Event: 8.498 Thread 0x0000015e24c52a10 flushing nmethod 0x0000015e15f93c90
Event: 8.498 Thread 0x0000015e24c52a10 flushing nmethod 0x0000015e15f85290
Event: 8.498 Thread 0x0000015e24c52a10 flushing nmethod 0x0000015e15f83710
Event: 8.498 Thread 0x0000015e24c52a10 flushing nmethod 0x0000015e15f78e90
Event: 8.498 Thread 0x0000015e24c52a10 flushing nmethod 0x0000015e15f73790
Event: 8.498 Thread 0x0000015e24c52a10 flushing nmethod 0x0000015e15f76a10
Event: 8.498 Thread 0x0000015e24c52a10 flushing nmethod 0x0000015e15f61390
Event: 8.498 Thread 0x0000015e24c52a10 flushing nmethod 0x0000015e15f5db90
Event: 8.498 Thread 0x0000015e24c52a10 flushing nmethod 0x0000015e15f5d490
Event: 8.498 Thread 0x0000015e24c52a10 flushing nmethod 0x0000015e15f5c190
Event: 8.498 Thread 0x0000015e24c52a10 flushing nmethod 0x0000015e15f59410
Event: 8.498 Thread 0x0000015e24c52a10 flushing nmethod 0x0000015e15f5af90
Event: 8.498 Thread 0x0000015e24c52a10 flushing nmethod 0x0000015e15f57b90
Event: 8.498 Thread 0x0000015e24c52a10 flushing nmethod 0x0000015e15f50a10
Event: 10.122 Thread 0x0000015e6e6d8110 Thread added: 0x0000015e6e6d8110
Event: 10.190 Thread 0x0000015e6e392d00 Thread added: 0x0000015e6e392d00
Event: 11.080 Thread 0x0000015e6f8498c0 Thread added: 0x0000015e6f8498c0
Event: 11.080 Thread 0x0000015e6f0f3ff0 Thread added: 0x0000015e6f0f3ff0
Event: 11.081 Thread 0x0000015e71475010 Thread added: 0x0000015e71475010


Dynamic libraries:
0x00007ff6000b0000 - 0x00007ff6000c0000 	C:\Program Files\Java\jdk-21\bin\java.exe
0x00007ffeae880000 - 0x00007ffeaeae0000 	C:\WINDOWS\SYSTEM32\ntdll.dll
0x00007ffeacbd0000 - 0x00007ffeacc97000 	C:\WINDOWS\System32\KERNEL32.DLL
0x00007ffeac0d0000 - 0x00007ffeac49a000 	C:\WINDOWS\System32\KERNELBASE.dll
0x00007ffeabbe0000 - 0x00007ffeabd2b000 	C:\WINDOWS\System32\ucrtbase.dll
0x00007ffea3520000 - 0x00007ffea353b000 	C:\Program Files\Java\jdk-21\bin\VCRUNTIME140.dll
0x00007ffe89310000 - 0x00007ffe89329000 	C:\Program Files\Java\jdk-21\bin\jli.dll
0x00007ffead040000 - 0x00007ffead0f2000 	C:\WINDOWS\System32\ADVAPI32.dll
0x00007ffeae790000 - 0x00007ffeae839000 	C:\WINDOWS\System32\msvcrt.dll
0x00007ffeac8c0000 - 0x00007ffeac966000 	C:\WINDOWS\System32\sechost.dll
0x00007ffeacca0000 - 0x00007ffeacdb6000 	C:\WINDOWS\System32\RPCRT4.dll
0x00007ffeacdd0000 - 0x00007ffeacf9c000 	C:\WINDOWS\System32\USER32.dll
0x00007ffe8d7d0000 - 0x00007ffe8da67000 	C:\WINDOWS\WinSxS\amd64_microsoft.windows.common-controls_6595b64144ccf1df_6.0.26100.3624_none_3e086962e3345f24\COMCTL32.dll
0x00007ffeabb20000 - 0x00007ffeabb47000 	C:\WINDOWS\System32\win32u.dll
0x00007ffead200000 - 0x00007ffead22a000 	C:\WINDOWS\System32\GDI32.dll
0x00007ffeac4a0000 - 0x00007ffeac5d1000 	C:\WINDOWS\System32\gdi32full.dll
0x00007ffeabea0000 - 0x00007ffeabf43000 	C:\WINDOWS\System32\msvcp_win.dll
0x00007ffea3c70000 - 0x00007ffea3c7b000 	C:\WINDOWS\SYSTEM32\VERSION.dll
0x00007ffeadae0000 - 0x00007ffeadb0f000 	C:\WINDOWS\System32\IMM32.DLL
0x00007ffea37f0000 - 0x00007ffea37fc000 	C:\Program Files\Java\jdk-21\bin\vcruntime140_1.dll
0x00007ffe8e9b0000 - 0x00007ffe8ea3e000 	C:\Program Files\Java\jdk-21\bin\msvcp140.dll
0x00007ffe23530000 - 0x00007ffe24245000 	C:\Program Files\Java\jdk-21\bin\server\jvm.dll
0x00007ffeae530000 - 0x00007ffeae5a4000 	C:\WINDOWS\System32\WS2_32.dll
0x00007ffeaa6d0000 - 0x00007ffeaa72e000 	C:\WINDOWS\SYSTEM32\POWRPROF.dll
0x00007ffe9e670000 - 0x00007ffe9e6a6000 	C:\WINDOWS\SYSTEM32\WINMM.dll
0x00007ffeaa6b0000 - 0x00007ffeaa6c4000 	C:\WINDOWS\SYSTEM32\UMPDC.dll
0x00007ffeaa990000 - 0x00007ffeaa9aa000 	C:\WINDOWS\SYSTEM32\kernel.appcore.dll
0x00007ffea22a0000 - 0x00007ffea22aa000 	C:\Program Files\Java\jdk-21\bin\jimage.dll
0x00007ffea8c30000 - 0x00007ffea8e71000 	C:\WINDOWS\SYSTEM32\DBGHELP.DLL
0x00007ffead230000 - 0x00007ffead5b2000 	C:\WINDOWS\System32\combase.dll
0x00007ffeac6f0000 - 0x00007ffeac7c6000 	C:\WINDOWS\System32\OLEAUT32.dll
0x00007ffe9a1f0000 - 0x00007ffe9a229000 	C:\WINDOWS\SYSTEM32\dbgcore.DLL
0x00007ffeac5e0000 - 0x00007ffeac679000 	C:\WINDOWS\System32\bcryptPrimitives.dll
0x00007ffea22b0000 - 0x00007ffea22cf000 	C:\Program Files\Java\jdk-21\bin\java.dll
0x00007ffeadca0000 - 0x00007ffeae3c9000 	C:\WINDOWS\System32\SHELL32.dll
0x00007ffeabd30000 - 0x00007ffeabe98000 	C:\WINDOWS\System32\wintypes.dll
0x00007ffea96f0000 - 0x00007ffea9f42000 	C:\WINDOWS\SYSTEM32\windows.storage.dll
0x00007ffeadbb0000 - 0x00007ffeadc9d000 	C:\WINDOWS\System32\SHCORE.dll
0x00007ffeac680000 - 0x00007ffeac6e4000 	C:\WINDOWS\System32\shlwapi.dll
0x00007ffeab970000 - 0x00007ffeab99f000 	C:\WINDOWS\SYSTEM32\profapi.dll
0x00007ffe61410000 - 0x00007ffe614e7000 	C:\Program Files\Java\jdk-21\bin\jsvml.dll
0x00007ffea8530000 - 0x00007ffea8540000 	C:\Program Files\Java\jdk-21\bin\net.dll
0x00007ffea6050000 - 0x00007ffea616d000 	C:\WINDOWS\SYSTEM32\WINHTTP.dll
0x00007ffeaaeb0000 - 0x00007ffeaaf1a000 	C:\WINDOWS\system32\mswsock.dll
0x00007ffea2340000 - 0x00007ffea2356000 	C:\Program Files\Java\jdk-21\bin\nio.dll
0x00007ffea2320000 - 0x00007ffea2338000 	C:\Program Files\Java\jdk-21\bin\zip.dll
0x00007ffea22f0000 - 0x00007ffea2314000 	C:\Program Files\NetBeans-25\netbeans\java\maven\lib\jansi-native\Windows\x86_64\jansi.dll
0x00007ffea22e0000 - 0x00007ffea22f0000 	C:\Program Files\Java\jdk-21\bin\verify.dll
0x00007ffeab160000 - 0x00007ffeab17c000 	C:\WINDOWS\SYSTEM32\CRYPTSP.dll
0x00007ffeaa8f0000 - 0x00007ffeaa92a000 	C:\WINDOWS\system32\rsaenh.dll
0x00007ffeaaf50000 - 0x00007ffeaaf7b000 	C:\WINDOWS\SYSTEM32\USERENV.dll
0x00007ffeab940000 - 0x00007ffeab966000 	C:\WINDOWS\SYSTEM32\bcrypt.dll
0x00007ffeab150000 - 0x00007ffeab15c000 	C:\WINDOWS\SYSTEM32\CRYPTBASE.dll
0x00007ffeaa330000 - 0x00007ffeaa363000 	C:\WINDOWS\SYSTEM32\IPHLPAPI.DLL
0x00007ffeac7d0000 - 0x00007ffeac7da000 	C:\WINDOWS\System32\NSI.dll
0x00007ffeaa370000 - 0x00007ffeaa495000 	C:\WINDOWS\SYSTEM32\DNSAPI.dll
0x00007ffea4920000 - 0x00007ffea492b000 	C:\Windows\System32\rasadhlp.dll
0x00007ffea6580000 - 0x00007ffea6605000 	C:\WINDOWS\System32\fwpuclnt.dll
0x00007ffea22d0000 - 0x00007ffea22d7000 	C:\Program Files\Java\jdk-21\bin\extnet.dll
0x00007ffea2290000 - 0x00007ffea229e000 	C:\Program Files\Java\jdk-21\bin\sunmscapi.dll
0x00007ffeabf50000 - 0x00007ffeac0c7000 	C:\WINDOWS\System32\CRYPT32.dll
0x00007ffeab350000 - 0x00007ffeab380000 	C:\WINDOWS\SYSTEM32\ncrypt.dll
0x00007ffeab300000 - 0x00007ffeab33f000 	C:\WINDOWS\SYSTEM32\NTASN1.dll

dbghelp: loaded successfully - version: 4.0.5 - missing functions: none
symbol engine: initialized successfully - sym options: 0x614 - pdb path: .;C:\Program Files\Java\jdk-21\bin;C:\WINDOWS\SYSTEM32;C:\WINDOWS\WinSxS\amd64_microsoft.windows.common-controls_6595b64144ccf1df_6.0.26100.3624_none_3e086962e3345f24;C:\Program Files\Java\jdk-21\bin\server;C:\Program Files\NetBeans-25\netbeans\java\maven\lib\jansi-native\Windows\x86_64

VM Arguments:
jvm_args: -Dclassworlds.conf=C:\Program Files\NetBeans-25\netbeans\java\maven\bin\m2.conf -Dmaven.home=C:\Program Files\NetBeans-25\netbeans\java\maven -Dlibrary.jansi.path=C:\Program Files\NetBeans-25\netbeans\java\maven\lib\jansi-native -Dmaven.multiModuleProjectDirectory=C:\Users\choue\Documents\NetBeansProjects\ProjetILU4-main\ProjetILU4-main\ProjetPirates\ProjetPirates 
java_command: org.codehaus.plexus.classworlds.launcher.Launcher -Dexec.vmArgs= -Dexec.args=${exec.vmArgs} -classpath %classpath ${exec.mainClass} ${exec.appArgs} -Dexec.appArgs= -Dexec.mainClass=projetpirates.ProjetPirates -Dexec.executable=C:\Program Files\Java\jdk-21\bin\java.exe -Dmaven.ext.class.path=C:\Program Files\NetBeans-25\netbeans\java\maven-nblib\netbeans-eventspy.jar --no-transfer-progress process-classes org.codehaus.mojo:exec-maven-plugin:3.1.0:exec
java_class_path (initial): C:\Program Files\NetBeans-25\netbeans\java\maven\boot\plexus-classworlds-2.8.0.jar
Launcher Type: SUN_STANDARD

[Global flags]
     intx CICompilerCount                          = 12                                        {product} {ergonomic}
     uint ConcGCThreads                            = 3                                         {product} {ergonomic}
     uint G1ConcRefinementThreads                  = 13                                        {product} {ergonomic}
   size_t G1HeapRegionSize                         = 2097152                                   {product} {ergonomic}
    uintx GCDrainStackTargetSize                   = 64                                        {product} {ergonomic}
   size_t InitialHeapSize                          = 255852544                                 {product} {ergonomic}
   size_t MarkStackSize                            = 4194304                                   {product} {ergonomic}
   size_t MaxHeapSize                              = 4093640704                                {product} {ergonomic}
   size_t MaxNewSize                               = 2455764992                                {product} {ergonomic}
   size_t MinHeapDeltaBytes                        = 2097152                                   {product} {ergonomic}
   size_t MinHeapSize                              = 8388608                                   {product} {ergonomic}
    uintx NonNMethodCodeHeapSize                   = 7602480                                {pd product} {ergonomic}
    uintx NonProfiledCodeHeapSize                  = 122027880                              {pd product} {ergonomic}
    uintx ProfiledCodeHeapSize                     = 122027880                              {pd product} {ergonomic}
    uintx ReservedCodeCacheSize                    = 251658240                              {pd product} {ergonomic}
     bool SegmentedCodeCache                       = true                                      {product} {ergonomic}
   size_t SoftMaxHeapSize                          = 4093640704                             {manageable} {ergonomic}
     bool UseCompressedOops                        = true                           {product lp64_product} {ergonomic}
     bool UseG1GC                                  = true                                      {product} {ergonomic}
     bool UseLargePagesIndividualAllocation        = false                                  {pd product} {ergonomic}

Logging:
Log output configuration:
 #0: stdout all=warning uptime,level,tags foldmultilines=false
 #1: stderr all=off uptime,level,tags foldmultilines=false

Environment Variables:
JAVA_HOME=C:\Program Files\Java\jdk-21
PATH=c:\Users\choue\AppData\Local\Programs\cursor\resources\app\bin;C:\Program Files\Common Files\Oracle\Java\javapath;C:\Windows\system32;C:\Windows;C:\Windows\System32\Wbem;C:\Windows\System32\WindowsPowerShell\v1.0\;C:\Windows\System32\OpenSSH\;C:\Program Files (x86)\NVIDIA Corporation\PhysX\Common;C:\Program Files\dotnet\;C:\Program Files\NVIDIA Corporation\NVIDIA app\NvDLISR;C:\WINDOWS\system32;C:\WINDOWS;C:\WINDOWS\System32\Wbem;C:\WINDOWS\System32\WindowsPowerShell\v1.0\;C:\WINDOWS\System32\OpenSSH\;C:\Users\choue\AppData\Local\Programs\Python\Python312\Scripts\;C:\Users\choue\AppData\Local\Programs\Python\Python312\;C:\Users\choue\AppData\Local\Programs\Python\Launcher\;C:\Users\choue\AppData\Local\Microsoft\WindowsApps;C:\Users\choue\.dotnet\tools;c:\Users\choue\AppData\Local\Programs\cursor\resources\app\bin;c:\Users\choue\AppData\Local\Programs\cursor\resources\app\bin;C:\Program Files\Git\cmd;C:\Users\choue\AppData\Local\Programs\Python\Python312\Scripts\;C:\Users\choue\AppData\Local\Programs\Python\Python312\;C:\Users\choue\AppData\Local\Programs\Python\Launcher\;C:\Users\choue\AppData\Local\Microsoft\WindowsApps;C:\Users\choue\AppData\Local\Programs\Microsoft VS Code\bin;C:\Users\choue\.dotnet\tools;C:\Users\choue\AppData\Local\Programs\cursor\resources\app\bin;C:\Users\choue\AppData\Local\GitHubDesktop\bin
USERNAME=choue
OS=Windows_NT
PROCESSOR_IDENTIFIER=AMD64 Family 25 Model 68 Stepping 1, AuthenticAMD
TMP=C:\Users\choue\AppData\Local\Temp
TEMP=C:\Users\choue\AppData\Local\Temp




Periodic native trim disabled

---------------  S Y S T E M  ---------------

OS:
 Windows 11 , 64 bit Build 26100 (10.0.26100.3775)
OS uptime: 11 days 13:40 hours
Hyper-V role detected

CPU: total 16 (initial active 16) (16 cores per cpu, 2 threads per core) family 25 model 68 stepping 1 microcode 0xa404102, cx8, cmov, fxsr, ht, mmx, 3dnowpref, sse, sse2, sse3, ssse3, sse4a, sse4.1, sse4.2, popcnt, lzcnt, tsc, tscinvbit, avx, avx2, aes, erms, clmul, bmi1, bmi2, adx, sha, fma, vzeroupper, clflush, clflushopt, hv, rdtscp, rdpid, fsrm, f16c, cet_ss
Processor Information for processor 0
  Max Mhz: 3201, Current Mhz: 2502, Mhz Limit: 3201
Processor Information for processor 1
  Max Mhz: 3201, Current Mhz: 2502, Mhz Limit: 3201
Processor Information for processor 2
  Max Mhz: 3201, Current Mhz: 1978, Mhz Limit: 3201
Processor Information for processor 3
  Max Mhz: 3201, Current Mhz: 1978, Mhz Limit: 3201
Processor Information for processor 4
  Max Mhz: 3201, Current Mhz: 2502, Mhz Limit: 3201
Processor Information for processor 5
  Max Mhz: 3201, Current Mhz: 1978, Mhz Limit: 3201
Processor Information for processor 6
  Max Mhz: 3201, Current Mhz: 2502, Mhz Limit: 3201
Processor Information for processor 7
  Max Mhz: 3201, Current Mhz: 2502, Mhz Limit: 3201
Processor Information for processor 8
  Max Mhz: 3201, Current Mhz: 2502, Mhz Limit: 3201
Processor Information for processor 9
  Max Mhz: 3201, Current Mhz: 2502, Mhz Limit: 3201
Processor Information for processor 10
  Max Mhz: 3201, Current Mhz: 2502, Mhz Limit: 3201
Processor Information for processor 11
  Max Mhz: 3201, Current Mhz: 2502, Mhz Limit: 3201
Processor Information for processor 12
  Max Mhz: 3201, Current Mhz: 1978, Mhz Limit: 3201
Processor Information for processor 13
  Max Mhz: 3201, Current Mhz: 1978, Mhz Limit: 3201
Processor Information for processor 14
  Max Mhz: 3201, Current Mhz: 1978, Mhz Limit: 3201
Processor Information for processor 15
  Max Mhz: 3201, Current Mhz: 1978, Mhz Limit: 3201

Memory: 4k page, system-wide physical 15611M (5939M free)
TotalPageFile size 62715M (AvailPageFile size 368M)
current process WorkingSet (physical memory assigned to process): 271M, peak: 312M
current process commit charge ("private bytes"): 309M, peak: 418M

vm_info: Java HotSpot(TM) 64-Bit Server VM (21.0.1+12-LTS-29) for windows-amd64 JRE (21.0.1+12-LTS-29), built on 2023-10-05T13:27:09Z by "mach5one" with MS VC++ 17.1 (VS2022)

END.
